// Jest Snapshot v1, https://goo.gl/fbAQLP

exports[`should render expense page correctly 1`] = `
<div>
  <h1>
    Edit Expense
  </h1>
  <ExpenseForm
    buttonLabel="Edit Expense"
    onSubmit={[Function]}
  />
  <button
    onClick={[Function]}
  >
    Remove
  </button>
</div>
`;
